MAP
###################^^^^^^^^^^^^^^^^^^^^^^^^^^^^^^^^^^^^^^^######################
#################~~~~~~**~~~~~~~***~~~~~~~~~~~~~~~~~~~~~~~~~~~~~~~~~############
################~~~~~~~~*~~~~~~~**~~~~~~~~~~~~~~~****~~~~~~~~~~~~~~~~###########
###.''~~~~~~~~~~~~~~~~~~~~~~~~~~*~~~~~~~~**~~*********~~~~~~~~~~~~~~~###########
#.....'''''~~~~~~~~~~~~~~~~~~~~~~~~~~~~~~~***********~~~~~~~~~~~~~~~~~##########
#.......''''''''''~~~~~~~~~~~~~~~~~~~~~~~~~~~~~~~~~~~~~~~~~~~~~~~~~~~~##########
#.........''''''''''''''''''''~~~~~''''''''''''''''~~~~~~~~~~~~~~~~~~~~#########
##..........'''''''''''''''''''''''''''''''''''''''''''''''~~~~~~~~~~~~#########
####......................'''''''''''''''''''''''''''''''''''''''''''''#########
###...............,|....................''''''''''''#'''''''''''''''''''########
###............,|,|,|,|,|...........................##|,|,...............#######
###...........,|,|,|,|,|,|.........######...........####,|,...............######
##...........,|,|###|,|,|,|.......#######............####,|,|.............######
###..........,|,#########|,....###########............###|,|,..........#########
####.........#############|...############............###,|,...........#########
#####......################..##############..........####|,............#########
#####......#################.###############.......#######|.............########
#####......#################.###############......###########...........########
####........###############....###.................##########.............######
####........##########................................,|,|,|,|,|,,|,.........###
####.........######............,,,,,#####..........,|,|,|,|,|,|,||,|..........##
####.........##...............##############......#####|,|,|,|,|,,.............>
#####.....................################################,|,|.................>
###.......................##############################,|,|............########
##....................###########################,|,|,|,|,|.........############
###.{{+{{............#########################,|,|,|,|,|.......#################
###.{{1{{.............#######################,|,|,|,.........###################
###....................#####################,|,|,|,........#####################
####...................|,|,,|,|,|,|,|######,|,|,|,|,|,|,|#######################
####.................|,|,|,|,|,|,|,|,|,|,|,|,|,|,|,|,|,|########################
####..............|,|,|,|,|,|,|,|,|,|,|,|,|,|,|,|,|,############################
#####.......|,|,|,|,|,|,|,|,|,|##############,|,|,##############################
#####.|,|,|,|,|,|,|,############################################################
########|#######################################################################
################################################################################
END

NAME
Route 1
END

PORTAL
GOES TO
10001 10001
PLAYER STANDS
2 2
END


ASCIIMON
ID
0
WEIGHT
10
END


