MAP
###################^^^^^^^^^^^^^^^^^^^^^^^^^^^^^^^^^^^^^^^################
#################~~~~~~**~~~~~~~***~~~~~~~~~~~~~~~~~~~~~~~~~~~~~~~~~######
################~~~~~~~~*~~~~~~~**~~~~~~~~~~~~~~~****~~~~~~~~~~~~~~~~#####
###.''~~~~~~~~~~~~~~~~~~~~~~~~~~*~~~~~~~~**~~*********~~~~~~~~~~~~~~~#####
#.....'''''~~~~~~~~~~~~~~~~~~~~~~~~~~~~~~~***********~~~~~~~~~~~~~~~~~####
#.......''''''''''~~~~~~~~~~~~~~~~~~~~~~~~~~~~~~~~~~~~~~~~~~~~~~~~~~~~####
#.........''''''''''''''''''''~~~~~''''''''''''''''~~~~~~~~~~~~~~~~~~~~###
##..........'''''''''''''''''''''''''''''''''''''''''''''''~~~~~~~~~~~~###
####...{{{{....{{{........'''''''''''''''''''''''''''''''''''''''''''''###
###....{1{{....{1{............''''''''''''''......................########
<.................................................................########
<..............................................................###########
##.............................................................###########
###.{{+{{......................................................###########
###.{{1{{......................................................###########
###............................................................###########
###............................................................###########
#####..........................................................###########
#######........................................................###########
#########.........................................................########
#########..........................................................#######
###########################........................................#######
###########################..........................#####################
##########################################################################
##########################################################################
##########################################################################
END

NAME
Beachlake Village

PORTAL
GOES TO
10002 10002
PLAYER STANDS
4 3
END

PORTAL
GOES TO
10003 10003
PLAYER STANDS
4 3
END


PORTAL
GOES TO
10001 10001
PLAYER STANDS
4 6
END



